// Jest Snapshot v1, https://goo.gl/fbAQLP

exports[`display the  check the contents of the home page 1`] = `
<div>
  <div
    class="text-container"
  >
    <p>
      Mathematics is not about numbers, equations, computations or algorithms; it is about understanding - William Paul Thurston.
    </p>
  </div>
</div>
`;

exports[`display the home page check the contents of the home page 1`] = `
<div>
  <div
    class="text-container"
  >
    <p>
      Mathematics is not about numbers, equations, computations or algorithms; it is about understanding - William Paul Thurston.
    </p>
  </div>
</div>
`;

exports[`display the quotes page check the contents of the home page 1`] = `
<div>
  <div
    class="text-container"
  >
    <p>
      Mathematics is not about numbers, equations, computations or algorithms; it is about understanding - William Paul Thurston.
    </p>
  </div>
</div>
`;

exports[`display the quotes page check the contents of the quote page 1`] = `
<div>
  <div
    class="text-container"
  >
    <p>
      Mathematics is not about numbers, equations, computations or algorithms; it is about understanding - William Paul Thurston.
    </p>
  </div>
</div>
`;

exports[`display the quotes page check the contents of the quto page 1`] = `
<div>
  <div
    class="text-container"
  >
    <p>
      Mathematics is not about numbers, equations, computations or algorithms; it is about understanding - William Paul Thurston.
    </p>
  </div>
</div>
`;
